# Alx-pre_course
I'm now an ALX Student ,this is my first repository as a full-stack engineer
root@ff27f5c8c23b:/# cd /root
root@ff27f5c8c23b:~# git clone https://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@github.com/Ringarson/alx-pre_course.git
fatal: destination path 'alx-pre_course' already exists and is not an empty directory.
root@ff27f5c8c23b:~# cd alx-pre_course/
root@ff27f5c8c23b:~/alx-pre_course# echo 'My first readme' > README.md 
root@ff27f5c8c23b:~/alx-pre_course# cat README.md  
My first readme
root@ff27f5c8c23b:~/alx-pre_course# git config --global user.email "ringarson@yahoo.com"
root@ff27f5c8c23b:~/alx-pre_course# git config --global user.name "ringarson"
root@ff27f5c8c23b:~/alx-pre_course# git add .
root@ff27f5c8c23b:~/alx-pre_course# git commit -m 'My first commit'
[master daaa7f2] My first commit
 2 files changed, 8 deletions(-)
 create mode 100644 master
root@ff27f5c8c23b:~/alx-pre_course# git push
Password for 'https://ghp_5JxQ6vdXRyzgOAMXrR2SbQxyg3xnYv2rV3Bj@github.com': 
remote: Invalid username or password.
fatal: Authentication failed for 'https://github.com/ringarson/alx-pre_course.git/'
root@ff27f5c8c23b:~/alx-pre_course# git push Enumerating objects: 3, done.                                                                                                         
fatal: invalid refspec 'objects:'
root@ff27f5c8c23b:~/alx-pre_course# Counting objects: 100% (3/3), done.                                                                                                   
bash: syntax error near unexpected token `('
root@ff27f5c8c23b:~/alx-pre_course# Writing objects: 100% (3/3), 212 bytes | 212.00 KiB/s, done.                                                                          
bash: syntax error near unexpected token `('
root@ff27f5c8c23b:~/alx-pre_course# Total 3 (delta 0), reused 0 (delta 0) To https://github.com/{ringarson}/alx-pre_course.git * [new branch]      master -> master 
bash: syntax error near unexpected token `('
root@ff27f5c8c23b:~/alx-pre_course# Total 3 (delta 0), reused 0 (delta 0) To https://github.com/{ringarson}/alx-pre_course.git * [new branch]      master -> master Branch 'Master' set up to track remote branch 'master' from 'origin
bash: syntax error near unexpected token `('
root@ff27f5c8c23b:~/alx-pre_course# Total 3 (delta 0), reused 0 (delta 0) remote: Resolving deltas: 100 (1/1), done.To https://github.com/{ringarson}/alx-pre_course.git * [new branch]      master -> master Branch 'Master' set up to track remote branch 'master' from 'origin'.
bash: syntax error near unexpected token `('
root@ff27f5c8c23b:~/alx-pre_course# 
